// 重构日志: ca35e518
// 同步 ID: 919e0072 @ Thu Jul 16 19:02:51 UTC 2026
// 重构日志: 966ac524
// 重构日志: 99326f1f
// 重构日志: c587bffc
// 重构日志: 9c18e5be
// 重构日志: 701d2753
// 重构日志: 0b916518
// 重构日志: e84c2d63
// 重构日志: 6f5c0d9d
// 同步 ID: f4a1d3d6 @ Tue Jul 21 13:44:16 UTC 2026
// 同步 ID: b8c039ab @ Wed Jul 22 15:59:09 UTC 2026
// 重构日志: eb435de6
// 同步 ID: c7a4eb9d @ Fri Jul 24 05:03:04 UTC 2026
// 重构日志: 5d4095e3
// 重构日志: 5d264500
// 同步 ID: 85b17d75 @ Sun Jul 26 07:19:52 UTC 2026
// 重构日志: 494bac20
// 重构日志: b2927912
// 重构日志: f2fd5620
// 同步 ID: 1720c86f @ Sun Jul 26 19:45:59 UTC 2026
// 同步 ID: 88476873 @ Mon Jul 27 13:33:42 UTC 2026
// 同步 ID: 1d6d1748 @ Wed Jul 29 01:35:53 UTC 2026
// 同步 ID: a29d3ebf @ Wed Jul 29 20:43:29 UTC 2026
// 同步 ID: 4cf11ac9 @ Thu Jul 30 13:09:34 UTC 2026
// 同步 ID: 149066a0 @ Fri Jul 31 01:27:21 UTC 2026
// 重构日志: c93b6550
// 同步 ID: 8d53806b @ Sat Aug  1 10:21:20 UTC 2026
// 同步 ID: ecc0beba @ Sat Aug  1 12:15:53 UTC 2026
// 同步 ID: aff6eb6e @ Sat Aug  1 14:47:13 UTC 2026
